../Core/Src/main.c:101:6:start_bias_calibration	8	static
../Core/Src/main.c:119:6:HAL_TIM_PeriodElapsedCallback	16	static
../Core/Src/main.c:142:6:pavza	16	static,ignoring_inline_asm
../Core/Src/main.c:149:9:spi1_beriRegister	32	static
../Core/Src/main.c:165:6:spi1_pisiRegister	24	static
../Core/Src/main.c:179:6:spi1_beriRegistre	16	static
../Core/Src/main.c:191:6:initL3GD20	16	static
../Core/Src/main.c:213:6:HAL_GPIO_EXTI_Callback	16	static
../Core/Src/main.c:227:5:main	224	static
../Core/Src/main.c:363:6:SystemClock_Config	128	static
../Core/Src/main.c:412:13:MX_I2C1_Init	8	static
../Core/Src/main.c:460:13:MX_SPI1_Init	8	static
../Core/Src/main.c:500:13:MX_TIM3_Init	40	static
../Core/Src/main.c:546:13:MX_GPIO_Init	48	static
../Core/Src/main.c:608:6:Error_Handler	4	static,ignoring_inline_asm
