../Core/Src/main.c:101:6:start_bias_calibration	1
../Core/Src/main.c:119:6:HAL_TIM_PeriodElapsedCallback	4
../Core/Src/main.c:142:6:pavza	2
../Core/Src/main.c:149:9:spi1_beriRegister	1
../Core/Src/main.c:165:6:spi1_pisiRegister	1
../Core/Src/main.c:179:6:spi1_beriRegistre	1
../Core/Src/main.c:191:6:initL3GD20	3
../Core/Src/main.c:213:6:HAL_GPIO_EXTI_Callback	2
../Core/Src/main.c:227:5:main	11
../Core/Src/main.c:363:6:SystemClock_Config	4
../Core/Src/main.c:412:13:MX_I2C1_Init	4
../Core/Src/main.c:460:13:MX_SPI1_Init	2
../Core/Src/main.c:500:13:MX_TIM3_Init	4
../Core/Src/main.c:546:13:MX_GPIO_Init	1
../Core/Src/main.c:608:6:Error_Handler	1
