../Core/Src/main.c:161:6:start_bias_calibration	8	static
../Core/Src/main.c:179:6:HAL_TIM_PeriodElapsedCallback	16	static
../Core/Src/main.c:210:6:pavza	16	static,ignoring_inline_asm
../Core/Src/main.c:217:9:spi1_beriRegister	32	static
../Core/Src/main.c:233:6:spi1_pisiRegister	24	static
../Core/Src/main.c:247:6:spi1_beriRegistre	16	static
../Core/Src/main.c:259:6:initL3GD20	16	static
../Core/Src/main.c:281:6:HAL_GPIO_EXTI_Callback	16	static
../Core/Src/main.c:291:6:CDC_Print	16	static
../Core/Src/main.c:298:6:ESP_ClearRx	4	static
../Core/Src/main.c:305:13:ESP_SendCmd_Wait	304	static
../Core/Src/main.c:367:7:ESP_RxStart	8	static
../Core/Src/main.c:373:20:ESP_Init	808	static
../Core/Src/main.c:410:14:ESP_GetAndPrintIP	64	static
../Core/Src/main.c:454:6:ESP_StartWebServer	288	static
../Core/Src/main.c:508:6:HAL_UART_RxCpltCallback	16	static
../Core/Src/main.c:523:13:ESP_WaitFor	24	static
../Core/Src/main.c:534:13:ESP_SendData	192	static
../Core/Src/main.c:576:6:ESP_Pump	1368	static
../Core/Src/main.c:729:6:parse_query_kv	24	static
../Core/Src/main.c:751:12:ESP_WaitConnectResult	24	static
../Core/Src/main.c:776:13:ESP_SSL_Connect	160	static
../Core/Src/main.c:799:13:ESP_HTTP_POST_KeepAlive	824	static
../Core/Src/main.c:831:6:prepareData	72	static
../Core/Src/main.c:898:6:BlockPosting	16	static
../Core/Src/main.c:903:9:PostingAllowed	8	static
../Core/Src/main.c:918:5:main	80	static
../Core/Src/main.c:1152:6:SystemClock_Config	128	static
../Core/Src/main.c:1203:13:MX_I2C1_Init	8	static
../Core/Src/main.c:1251:13:MX_SPI1_Init	8	static
../Core/Src/main.c:1291:13:MX_TIM2_Init	40	static
../Core/Src/main.c:1337:13:MX_TIM3_Init	40	static
../Core/Src/main.c:1383:13:MX_USART3_UART_Init	8	static
../Core/Src/main.c:1418:13:MX_GPIO_Init	48	static
../Core/Src/main.c:1487:6:Error_Handler	4	static,ignoring_inline_asm
